func                    call div jcc jmp load mul pop push rmw rsp store
aligned_alloc              -   -   7   -    9   -   -    -   -   3     4
calloc                     -   -   6   -   10   2   -    -   -   5     5
delete                     -   -   4   -    6   -   -    -   -   -     3
delete(size)               -   -   4   -    5   -   -    -   -   -     3
delete(size,align)         -   -   6   -    6   -   -    -   -   -     3
malloc                     -   -   5   -    8   -   -    -   -   -     3
malloc(token_1)            -   -   5   -    8   -   -    -   -   -     3
new                        -   -   4   -    7   -   -    -   -   -     3
new(align)                 -   -   6   -    8   -   -    -   -   -     3
new(align)->size           -   -   6   -    9   -   -    -   -   -     3
new(align,cold)->size      -   -   6   -   11   -   -    -   -   -     3
new(align,nothrow)         -   -   6   -    8   -   -    -   -   -     3
new(cold)->size            -   -   4   -   10   -   -    -   -   -     3
new(cold,token_1)->size    -   -   4   -   10   -   -    -   -   -     3
new(nothrow)               -   -   4   -    7   -   -    -   -   -     3
new(token_1)               -   -   4   -    7   -   -    -   -   -     3
new(token_1)->size         -   -   4   -    8   -   -    -   -   -     3
new->size                  -   -   4   -    8   -   -    -   -   -     3
posix_memalign             -   -   9   -   10   -   -    -   -   5     6
