func                    call cmov cmp div jcc jmp load mul pop push rmw rsp store
aligned_alloc              -    -   4   -   7   -    8   -   -    -   -   3     4
calloc                     -    -   2   -   6   -    9   2   -    -   -   5     5
delete                     -    -   2   -   4   -    6   -   -    -   -   -     3
delete(size)               -    -   3   -   4   -    5   -   -    -   -   -     3
delete(size,align)         -    -   5   -   6   -    6   -   -    -   -   -     3
malloc                     -    -   2   -   5   -    7   -   -    -   -   -     3
malloc(token_1)            -    -   2   -   5   -    7   -   -    -   -   -     3
new                        -    -   1   -   4   -    6   -   -    -   -   -     3
new(align)                 -    -   3   -   6   -    7   -   -    -   -   -     3
new(align)->size           -    -   3   -   6   -    8   -   -    -   -   -     3
new(align,cold)->size      -    1   4   -   6   -   10   -   -    -   -   -     3
new(align,nothrow)         -    -   3   -   6   -    7   -   -    -   -   -     3
new(cold)->size            -    1   2   -   4   -    9   -   -    -   -   -     3
new(cold,token_1)->size    -    1   2   -   4   -    9   -   -    -   -   -     3
new(nothrow)               -    -   1   -   4   -    6   -   -    -   -   -     3
new(token_1)               -    -   1   -   4   -    6   -   -    -   -   -     3
new(token_1)->size         -    -   1   -   4   -    7   -   -    -   -   -     3
new->size                  -    -   1   -   4   -    7   -   -    -   -   -     3
posix_memalign             -    -   3   -   9   -    9   -   -    -   -   5     6
