func                    call cmov cmp cycles div jcc jmp load mul pop push rmw rsp store
aligned_alloc              -    -   6     28   -   7   -    6   -   1    1   2   1     1
calloc                     -    -   4     33   -   6   -    6   1   2    3   2   2     1
delete                     -    -   5     32   -   6   -    5   -   -    -   -   -     3
delete(size)               -    -   4     24   -   5   -    3   -   -    -   -   -     3
delete(size,align)         -    -   6     25   -   7   -    4   -   -    -   -   -     3
malloc                     -    -   4     26   -   5   -    6   -   -    -   2   -     1
malloc(token_1)            -    -   4     26   -   5   -    6   -   -    -   2   -     1
new                        -    -   3     25   -   4   -    5   -   -    -   2   -     1
new(align)                 -    -   5     27   -   6   -    6   -   -    -   2   -     1
new(align)->size           -    -   5     27   -   6   -    7   -   -    -   2   -     1
new(align,cold)->size      -    1   6     32   -   6   -    8   -   -    -   2   -     1
new(align,nothrow)         -    -   5     27   -   6   -    6   -   -    -   2   -     1
new(cold)->size            -    1   4     30   -   4   -    7   -   -    -   2   -     1
new(cold,token_1)->size    -    1   4     30   -   4   -    7   -   -    -   2   -     1
new(nothrow)               -    -   3     25   -   4   -    5   -   -    -   2   -     1
new(token_1)               -    -   3     25   -   4   -    5   -   -    -   2   -     1
new(token_1)->size         -    -   3     25   -   4   -    6   -   -    -   2   -     1
new->size                  -    -   3     25   -   4   -    6   -   -    -   2   -     1
posix_memalign             -    -   8     30   -   8   -    6   -   2    3   2   2     2
